// Jest Snapshot v1, https://goo.gl/fbAQLP

exports[`flattenGroups collapses first group 1`] = `
Array [
  Object {
    "allowOverlay": false,
    "expanded": false,
    "id": "1",
    "kind": "group",
    "level": 1,
    "name": "Group 1",
  },
  Object {
    "allowOverlay": false,
    "expanded": true,
    "id": "2",
    "kind": "group",
    "level": 1,
    "name": "Group 2",
  },
  Object {
    "allowOverlay": false,
    "expanded": true,
    "id": "2-1",
    "kind": "group",
    "level": 2,
    "name": "Group 2-1",
  },
  Object {
    "allowOverlay": false,
    "expanded": true,
    "id": "2-1-1",
    "kind": "group",
    "level": 3,
    "name": "Group 2-1-1",
  },
  Object {
    "groupId": "2-1-1",
    "index": 3,
    "kind": "group-content",
    "level": 4,
  },
  Object {
    "groupId": "2-1-1",
    "index": 4,
    "kind": "new-row",
    "level": 4,
  },
  Object {
    "allowOverlay": false,
    "expanded": true,
    "id": "2-1-2",
    "kind": "group",
    "level": 3,
    "name": "Group 2-1-2",
  },
  Object {
    "groupId": "2-1-2",
    "index": 4,
    "kind": "group-content",
    "level": 4,
  },
  Object {
    "groupId": "2-1-2",
    "index": 5,
    "kind": "new-row",
    "level": 4,
  },
  Object {
    "allowOverlay": false,
    "expanded": true,
    "id": "2-2",
    "kind": "group",
    "level": 2,
    "name": "Group 2-2",
  },
  Object {
    "groupId": "2-2",
    "index": 5,
    "kind": "group-content",
    "level": 3,
  },
  Object {
    "groupId": "2-2",
    "index": 6,
    "kind": "new-row",
    "level": 3,
  },
  Object {
    "allowOverlay": false,
    "expanded": true,
    "id": "3",
    "kind": "group",
    "level": 1,
    "name": "Group 3",
  },
  Object {
    "allowOverlay": false,
    "expanded": true,
    "id": "3-1",
    "kind": "group",
    "level": 2,
    "name": "Group 3-1",
  },
  Object {
    "allowOverlay": false,
    "expanded": true,
    "id": "3-1-1",
    "kind": "group",
    "level": 3,
    "name": "Group 3-1-1",
  },
  Object {
    "groupId": "3-1-1",
    "index": 6,
    "kind": "group-content",
    "level": 4,
  },
  Object {
    "groupId": "3-1-1",
    "index": 7,
    "kind": "new-row",
    "level": 4,
  },
  Object {
    "allowOverlay": false,
    "expanded": true,
    "id": "3-1-2",
    "kind": "group",
    "level": 3,
    "name": "Group 3-1-2",
  },
  Object {
    "groupId": "3-1-2",
    "index": 7,
    "kind": "group-content",
    "level": 4,
  },
  Object {
    "groupId": "3-1-2",
    "index": 8,
    "kind": "new-row",
    "level": 4,
  },
  Object {
    "allowOverlay": false,
    "expanded": true,
    "id": "3-2",
    "kind": "group",
    "level": 2,
    "name": "Group 3-2",
  },
  Object {
    "groupId": "3-2",
    "index": 8,
    "kind": "group-content",
    "level": 3,
  },
  Object {
    "groupId": "3-2",
    "index": 9,
    "kind": "new-row",
    "level": 3,
  },
]
`;

exports[`flattenGroups has single level group 1`] = `
Array [
  Object {
    "allowOverlay": false,
    "expanded": true,
    "id": "1",
    "kind": "group",
    "level": 1,
    "name": "Group 1",
  },
  Object {
    "groupId": "1",
    "index": 0,
    "kind": "group-content",
    "level": 2,
  },
  Object {
    "groupId": "1",
    "index": 1,
    "kind": "group-content",
    "level": 2,
  },
  Object {
    "groupId": "1",
    "index": 2,
    "kind": "group-content",
    "level": 2,
  },
  Object {
    "groupId": "1",
    "index": 3,
    "kind": "new-row",
    "level": 2,
  },
  Object {
    "allowOverlay": false,
    "expanded": false,
    "id": "2",
    "kind": "group",
    "level": 1,
    "name": "Group 2",
  },
  Object {
    "allowOverlay": false,
    "expanded": true,
    "id": "3",
    "kind": "group",
    "level": 1,
    "name": "Group 2",
  },
  Object {
    "groupId": "3",
    "index": 6,
    "kind": "group-content",
    "level": 2,
  },
  Object {
    "groupId": "3",
    "index": 7,
    "kind": "group-content",
    "level": 2,
  },
  Object {
    "groupId": "3",
    "index": 8,
    "kind": "group-content",
    "level": 2,
  },
  Object {
    "groupId": "3",
    "index": 9,
    "kind": "new-row",
    "level": 2,
  },
]
`;

exports[`flattenGroups matches snapshot 1`] = `
Array [
  Object {
    "allowOverlay": false,
    "expanded": true,
    "id": "1",
    "kind": "group",
    "level": 1,
    "name": "Group 1",
  },
  Object {
    "allowOverlay": false,
    "expanded": true,
    "id": "1-1",
    "kind": "group",
    "level": 2,
    "name": "Group 1-1",
  },
  Object {
    "allowOverlay": false,
    "expanded": true,
    "id": "1-1-1",
    "kind": "group",
    "level": 3,
    "name": "Group 1-1-1",
  },
  Object {
    "groupId": "1-1-1",
    "index": 0,
    "kind": "group-content",
    "level": 4,
  },
  Object {
    "groupId": "1-1-1",
    "index": 1,
    "kind": "new-row",
    "level": 4,
  },
  Object {
    "allowOverlay": false,
    "expanded": true,
    "id": "1-1-2",
    "kind": "group",
    "level": 3,
    "name": "Group 1-1-2",
  },
  Object {
    "groupId": "1-1-2",
    "index": 1,
    "kind": "group-content",
    "level": 4,
  },
  Object {
    "groupId": "1-1-2",
    "index": 2,
    "kind": "new-row",
    "level": 4,
  },
  Object {
    "allowOverlay": false,
    "expanded": true,
    "id": "1-2",
    "kind": "group",
    "level": 2,
    "name": "Group 1-2",
  },
  Object {
    "groupId": "1-2",
    "index": 2,
    "kind": "group-content",
    "level": 3,
  },
  Object {
    "groupId": "1-2",
    "index": 3,
    "kind": "new-row",
    "level": 3,
  },
  Object {
    "allowOverlay": false,
    "expanded": true,
    "id": "2",
    "kind": "group",
    "level": 1,
    "name": "Group 2",
  },
  Object {
    "allowOverlay": false,
    "expanded": true,
    "id": "2-1",
    "kind": "group",
    "level": 2,
    "name": "Group 2-1",
  },
  Object {
    "allowOverlay": false,
    "expanded": true,
    "id": "2-1-1",
    "kind": "group",
    "level": 3,
    "name": "Group 2-1-1",
  },
  Object {
    "groupId": "2-1-1",
    "index": 3,
    "kind": "group-content",
    "level": 4,
  },
  Object {
    "groupId": "2-1-1",
    "index": 4,
    "kind": "new-row",
    "level": 4,
  },
  Object {
    "allowOverlay": false,
    "expanded": true,
    "id": "2-1-2",
    "kind": "group",
    "level": 3,
    "name": "Group 2-1-2",
  },
  Object {
    "groupId": "2-1-2",
    "index": 4,
    "kind": "group-content",
    "level": 4,
  },
  Object {
    "groupId": "2-1-2",
    "index": 5,
    "kind": "new-row",
    "level": 4,
  },
  Object {
    "allowOverlay": false,
    "expanded": true,
    "id": "2-2",
    "kind": "group",
    "level": 2,
    "name": "Group 2-2",
  },
  Object {
    "groupId": "2-2",
    "index": 5,
    "kind": "group-content",
    "level": 3,
  },
  Object {
    "groupId": "2-2",
    "index": 6,
    "kind": "new-row",
    "level": 3,
  },
  Object {
    "allowOverlay": false,
    "expanded": true,
    "id": "3",
    "kind": "group",
    "level": 1,
    "name": "Group 3",
  },
  Object {
    "allowOverlay": false,
    "expanded": true,
    "id": "3-1",
    "kind": "group",
    "level": 2,
    "name": "Group 3-1",
  },
  Object {
    "allowOverlay": false,
    "expanded": true,
    "id": "3-1-1",
    "kind": "group",
    "level": 3,
    "name": "Group 3-1-1",
  },
  Object {
    "groupId": "3-1-1",
    "index": 6,
    "kind": "group-content",
    "level": 4,
  },
  Object {
    "groupId": "3-1-1",
    "index": 7,
    "kind": "new-row",
    "level": 4,
  },
  Object {
    "allowOverlay": false,
    "expanded": true,
    "id": "3-1-2",
    "kind": "group",
    "level": 3,
    "name": "Group 3-1-2",
  },
  Object {
    "groupId": "3-1-2",
    "index": 7,
    "kind": "group-content",
    "level": 4,
  },
  Object {
    "groupId": "3-1-2",
    "index": 8,
    "kind": "new-row",
    "level": 4,
  },
  Object {
    "allowOverlay": false,
    "expanded": true,
    "id": "3-2",
    "kind": "group",
    "level": 2,
    "name": "Group 3-2",
  },
  Object {
    "groupId": "3-2",
    "index": 8,
    "kind": "group-content",
    "level": 3,
  },
  Object {
    "groupId": "3-2",
    "index": 9,
    "kind": "new-row",
    "level": 3,
  },
]
`;

exports[`flattenGroups should delete a group by groupRowId and return true 1`] = `
Array [
  Object {
    "expanded": true,
    "groups": Array [
      Object {
        "expanded": true,
        "groups": Array [
          Object {
            "expanded": true,
            "groups": Array [],
            "id": "1-1-2",
            "name": "Group 1-1-2",
            "parentId": "1-1",
            "rowsCount": 1,
          },
        ],
        "id": "1-1",
        "name": "Group 1-1",
        "parentId": "1",
        "rowsCount": 0,
      },
      Object {
        "expanded": true,
        "groups": Array [],
        "id": "1-2",
        "name": "Group 1-2",
        "parentId": "1",
        "rowsCount": 1,
      },
    ],
    "id": "1",
    "name": "Group 1",
    "parentId": "",
    "rowsCount": 0,
  },
  Object {
    "expanded": true,
    "groups": Array [
      Object {
        "expanded": true,
        "groups": Array [
          Object {
            "expanded": true,
            "groups": Array [],
            "id": "2-1-1",
            "name": "Group 2-1-1",
            "parentId": "2-1",
            "rowsCount": 1,
          },
          Object {
            "expanded": true,
            "groups": Array [],
            "id": "2-1-2",
            "name": "Group 2-1-2",
            "parentId": "2-1",
            "rowsCount": 1,
          },
        ],
        "id": "2-1",
        "name": "Group 2-1",
        "parentId": "2",
        "rowsCount": 0,
      },
      Object {
        "expanded": true,
        "groups": Array [],
        "id": "2-2",
        "name": "Group 2-2",
        "parentId": "2",
        "rowsCount": 1,
      },
    ],
    "id": "2",
    "name": "Group 2",
    "parentId": "",
    "rowsCount": 0,
  },
  Object {
    "expanded": true,
    "groups": Array [
      Object {
        "expanded": true,
        "groups": Array [
          Object {
            "expanded": true,
            "groups": Array [],
            "id": "3-1-1",
            "name": "Group 3-1-1",
            "parentId": "3-1",
            "rowsCount": 1,
          },
          Object {
            "expanded": true,
            "groups": Array [],
            "id": "3-1-2",
            "name": "Group 3-1-2",
            "parentId": "3-1",
            "rowsCount": 1,
          },
        ],
        "id": "3-1",
        "name": "Group 3-1",
        "parentId": "3",
        "rowsCount": 0,
      },
      Object {
        "expanded": true,
        "groups": Array [],
        "id": "3-2",
        "name": "Group 3-2",
        "parentId": "3-1",
        "rowsCount": 1,
      },
    ],
    "id": "3",
    "name": "Group 3",
    "parentId": "",
    "rowsCount": 0,
  },
]
`;

exports[`flattenGroups should handle deleting a root-level group 1`] = `
Array [
  Object {
    "expanded": true,
    "groups": Array [
      Object {
        "expanded": true,
        "groups": Array [
          Object {
            "expanded": true,
            "groups": Array [],
            "id": "1-1-2",
            "name": "Group 1-1-2",
            "parentId": "1-1",
            "rowsCount": 1,
          },
        ],
        "id": "1-1",
        "name": "Group 1-1",
        "parentId": "1",
        "rowsCount": 0,
      },
      Object {
        "expanded": true,
        "groups": Array [],
        "id": "1-2",
        "name": "Group 1-2",
        "parentId": "1",
        "rowsCount": 1,
      },
    ],
    "id": "1",
    "name": "Group 1",
    "parentId": "",
    "rowsCount": 0,
  },
  Object {
    "expanded": true,
    "groups": Array [
      Object {
        "expanded": true,
        "groups": Array [
          Object {
            "expanded": true,
            "groups": Array [],
            "id": "2-1-1",
            "name": "Group 2-1-1",
            "parentId": "2-1",
            "rowsCount": 1,
          },
          Object {
            "expanded": true,
            "groups": Array [],
            "id": "2-1-2",
            "name": "Group 2-1-2",
            "parentId": "2-1",
            "rowsCount": 1,
          },
        ],
        "id": "2-1",
        "name": "Group 2-1",
        "parentId": "2",
        "rowsCount": 0,
      },
      Object {
        "expanded": true,
        "groups": Array [],
        "id": "2-2",
        "name": "Group 2-2",
        "parentId": "2",
        "rowsCount": 1,
      },
    ],
    "id": "2",
    "name": "Group 2",
    "parentId": "",
    "rowsCount": 0,
  },
  Object {
    "expanded": true,
    "groups": Array [
      Object {
        "expanded": true,
        "groups": Array [
          Object {
            "expanded": true,
            "groups": Array [],
            "id": "3-1-1",
            "name": "Group 3-1-1",
            "parentId": "3-1",
            "rowsCount": 1,
          },
          Object {
            "expanded": true,
            "groups": Array [],
            "id": "3-1-2",
            "name": "Group 3-1-2",
            "parentId": "3-1",
            "rowsCount": 1,
          },
        ],
        "id": "3-1",
        "name": "Group 3-1",
        "parentId": "3",
        "rowsCount": 0,
      },
      Object {
        "expanded": true,
        "groups": Array [],
        "id": "3-2",
        "name": "Group 3-2",
        "parentId": "3-1",
        "rowsCount": 1,
      },
    ],
    "id": "3",
    "name": "Group 3",
    "parentId": "",
    "rowsCount": 0,
  },
]
`;
